=== 璇婃墍璁惧鍊熻繕绯荤粺 - 鍥炲綊娴嬭瘯 ===
  褰撳墠璁惧鎬绘暟: 57
  鍙敤璁惧鏁? 1
  鐢ㄤ簬娴嬭瘯鐨勮澶?ID: [ 55, 58, 59, 60 ]

1. 璁惧鍒楄〃绛涢€?  鉁?鍏ㄩ儴璁惧 >= 4 鏉?  鉁?鎸?available 绛涢€夛紝缁撴灉鍏ㄩ儴鏄?available 鐘舵€?  鉁?鎸?borrowed 绛涢€夛紝缁撴灉鍏ㄩ儴鏄?borrowed 鐘舵€?  鉁?鎸夊悕绉扮瓫閫夛紝缁撴灉鍖归厤鍏抽敭璇?  鉁?鎸夌被鍨?杞'绛涢€夛紝缁撴灉鍏ㄩ儴鏄疆妞呯被鍨?
2. 璁惧瀵煎嚭 CSV 鎼哄甫绛涢€夊弬鏁?  鉁?鍏ㄩ噺瀵煎嚭 CSV 琛屾暟 >= 5锛? 琛ㄥご + 鑷冲皯 4 鏁版嵁锛?  鉁?鎸?available 绛涢€夊鍑猴紝鎵€鏈夋暟鎹鐘舵€侀兘鏄?鍙敤'
  鉁?鎸?borrowed 绛涢€夊鍑猴紝鎵€鏈夋暟鎹鐘舵€侀兘鏄?鍊熷嚭'
  鉁?绛涢€夊悗瀵煎嚭琛屾暟 <= 鍏ㄩ噺瀵煎嚭鏁版嵁琛屾暟

3. 鎶奸噾娴佹按绛涢€?+ 瀵煎嚭绛涢€?  鉁?娴佹按 >= 2 鏉?  鉁?鎸?freeze 绛涢€夛紝鍏ㄩ儴鏄喕缁撶被鍨?  鉁?鎸?refund 绛涢€夛紝鍏ㄩ儴鏄€€杩樼被鍨?  鉁?鎸夊€熺敤浜虹瓫閫夛紝缁撴灉鍖归厤
  鉁?鎶奸噾娴佹按鎸?refund 绛涢€夊鍑猴紝鍏ㄩ儴鏄?閫€杩?绫诲瀷

4. 鍊熻繕璁板綍绛涢€?+ 瀵煎嚭绛涢€?  鉁?鎸?returned 绛涢€夛紝鍏ㄩ儴鏄凡褰掕繕璁板綍
  鉁?鎸?damaged 绛涢€夛紝鍏ㄩ儴鏄凡鎹熷潖璁板綍
  鉁?鎸夊€熺敤浜虹瓫閫夛紝缁撴灉鍖归厤
  鉁?鍊熻繕璁板綍鎸?returned 绛涢€夊鍑猴紝鍏ㄩ儴鏄?宸插綊杩?

5. 鍚勭姸鎬佷笅閲嶅鎿嶄綔閿欒鎻愮ず锛堟樉绀虹湡瀹炵姸鎬侊級
  鉁?宸插綊杩樿褰曞啀褰掕繕锛岄敊璇彁绀哄寘鍚€屽凡褰掕繕銆?  鉁?閿欒鎻愮ず璇存槑鏄綊杩樻搷浣?  鉁?宸插綊杩樿褰曞啀鎶ユ崯锛岄敊璇彁绀哄寘鍚€屽凡褰掕繕銆?  鉁?閿欒鎻愮ず璇存槑鏄姤鎹熸搷浣?  鉁?鍊熷嚭涓褰曠‘璁ゆ崯鍧忥紝閿欒鎻愮ず鍖呭惈銆屽€熷嚭涓€?  鉁?閿欒鎻愮ず璇存槑鏄‘璁ゆ崯鍧忔搷浣?  鉁?宸叉崯鍧忚褰曞啀纭鎹熷潖锛岄敊璇彁绀哄寘鍚€屽凡鎹熷潖銆?  鉁?宸叉崯鍧忚褰曞啀褰掕繕锛岄敊璇彁绀哄寘鍚€屽凡鎹熷潖銆?  鉁?寰呯‘璁よ褰曞啀褰掕繕锛岄敊璇彁绀哄寘鍚€屽緟纭鎹熷潖銆?  鉁?鍓嶅彴纭鎹熷潖锛岃繑鍥炴潈闄愰敊璇?  鉁?宸插綊杩樿褰曟湁鎶奸噾閫€杩橀噾棰?  鉁?閿欒鎿嶄綔涓嶆敼鍙樻娂閲戦€€杩橀噾棰濓紙浣欓涓嶅彉锛?
6. 鎹熷潖纭鎵ｅ噺閲戦鍚庢祦姘村拰浣欓涓€鑷?  鉁?鏈夊喕缁撹褰?  鉁?鎵ｅ噺閲戦 30
  鉁?鎵ｅ噺 + 閫€杩?= 鍐荤粨鎬婚

7. 绛涢€夊鍑?CSV 琛屾暟涓庡垪琛?API 鏁版嵁琛屾暟涓€鑷?  鉁?璁惧 borrowed 绛涢€夛細鍒楄〃 19 鏉?= CSV 19 琛?  鉁?鎶奸噾 freeze 绛涢€夛細鍒楄〃 83 鏉?= CSV 83 琛?  鉁?鍊熻繕 returned 绛涢€夛細鍒楄〃 24 鏉?= CSV 24 琛?
8. 鐧诲綍鎬佹寔涔呭寲 + 绛涢€夊鍑轰竴鑷存€э紙妯℃嫙鍒锋柊/閲嶅惎锛?  鉁?token 绗竴娆¤皟鐢?/me 鏈夋晥
  鉁?token 绗簩娆¤皟鐢?/me 浠嶆湁鏁堬紙妯℃嫙鍒锋柊锛?  鉁?token 绗笁娆¤皟鐢?/me 浠嶆湁鏁堬紙妯℃嫙閲嶅紑锛?  鉁?璁惧绛涢€?status=borrowed锛氬垪琛?19 = CSV 19 琛?  鉁?璁惧绛涢€?status=available锛氬垪琛?1 = CSV 1 琛?  鉁?璁惧绛涢€?status=damaged锛氬垪琛?21 = CSV 21 琛?  鉁?鐩稿悓绛涢€変笅杩炵画涓ゆ瀵煎嚭 CSV 鍐呭瀹屽叏涓€鑷?  鉁?鍓嶅彴 token 鍒锋柊鍚庝粛鏈夋晥

9. 宸叉崯鍧?宸插綊杩?寰呯‘璁よ褰曢噸澶嶆搷浣滄彁绀烘牎楠岀煩闃?  鉁?宸叉崯鍧忚褰曞綊杩樻搷浣滐紝鎻愮ず鍖呭惈銆屽凡鎹熷潖銆? 璇ヨ褰曞綋鍓嶇姸鎬佷负銆屽凡鎹熷潖銆嶏紝涓嶅彲鎵ц褰掕繕鎿嶄綔
  鉁?宸叉崯鍧忚褰曟姤鎹熸搷浣滐紝鎻愮ず鍖呭惈銆屽凡鎹熷潖銆? 璇ヨ褰曞綋鍓嶇姸鎬佷负銆屽凡鎹熷潖銆嶏紝涓嶅彲鎵ц鎶ユ崯鎿嶄綔
  鉁?宸叉崯鍧忚褰曠‘璁ゆ崯鍧忔搷浣滐紝鎻愮ず鍖呭惈銆屽凡鎹熷潖銆? 璇ヨ褰曞綋鍓嶇姸鎬佷负銆屽凡鎹熷潖銆嶏紝涓嶅彲鎵ц纭鎹熷潖鎿嶄綔
  鉁?宸插綊杩樿褰曞綊杩樻搷浣滐紝鎻愮ず鍖呭惈銆屽凡褰掕繕銆? 璇ヨ褰曞綋鍓嶇姸鎬佷负銆屽凡褰掕繕銆嶏紝涓嶅彲鎵ц褰掕繕鎿嶄綔
  鉁?宸插綊杩樿褰曟姤鎹熸搷浣滐紝鎻愮ず鍖呭惈銆屽凡褰掕繕銆? 璇ヨ褰曞綋鍓嶇姸鎬佷负銆屽凡褰掕繕銆嶏紝涓嶅彲鎵ц鎶ユ崯鎿嶄綔
  鉁?宸插綊杩樿褰曠‘璁ゆ崯鍧忔搷浣滐紝鎻愮ず鍖呭惈銆屽凡褰掕繕銆? 璇ヨ褰曞綋鍓嶇姸鎬佷负銆屽凡褰掕繕銆嶏紝涓嶅彲鎵ц纭鎹熷潖鎿嶄綔
  鉁?寰呯‘璁よ褰曞綊杩樻彁绀哄寘鍚€屽緟纭鎹熷潖銆? 璇ヨ褰曞綋鍓嶇姸鎬佷负銆屽緟纭鎹熷潖銆嶏紝涓嶅彲鎵ц褰掕繕鎿嶄綔
  鉁?宸插綊杩樿褰曠粡澶氭閿欒鎿嶄綔锛屾娂閲戦€€杩樺拰鎵ｅ噺閲戦閮戒笉鍙?
10. 绛涢€夊弬鏁板绾︾ǔ瀹氾紙鍒锋柊鍚庡悓鍙傛暟寰楀悓缁撴灉锛?  鉁?鍚屼竴绛涢€変袱娆¤皟鐢紝鍒楄〃鏉℃暟涓€鑷?  鉁?澶氭潯浠剁瓫閫夛細鍒楄〃 1 = CSV 1 琛?  鉁?鍊熻繕 damaged 绛涢€夛細鍒楄〃 21 = CSV 21 琛?
11. 瑙嗗浘鏂规 CRUD + 鍚屽悕鍐茬獊鎷︽埅 + 鍒锋柊鎭㈠锛堟寔涔呭寲锛?  鉁?鍒涘缓瑙嗗浘鏂规杩斿洖鏈夋晥 ID
  鉁?鍒涘缓鍚庢柟妗堝悕绉版纭?  鉁?鍒涘缓鍚庣瓫閫夋潯浠舵纭繚瀛?  鉁?鍒涘缓鍚庢帓搴忓瓧娈垫纭繚瀛?  鉁?鍒涘缓鍚庡垎椤靛ぇ灏忔纭繚瀛?  鉁?鍚屽悕鏂规杩斿洖 409 鐘舵€佺爜
  鉁?鍚屽悕鏂规閿欒鎻愮ず鍖呭惈銆屽凡瀛樺湪鍚屽悕鏂规銆?  鉁?鍒锋柊鍚庢柟妗堜粛瀛樺湪锛堟寔涔呭寲楠岃瘉锛?  鉁?鍒锋柊鍚庣瓫閫夋潯浠朵粛姝ｇ‘
  鉁?鏇存柊鍚庣瓫閫夋潯浠跺彉鏇寸敓鏁?  鉁?鏇存柊鍚庡垎椤靛ぇ灏忓彉鏇寸敓鏁?  鉁?鏇存柊鍚庡埛鏂版暟鎹粛鐒剁敓鏁堬紙閲嶅惎鎭㈠楠岃瘉锛?  鉁?鍒犻櫎鏂规杩斿洖鎴愬姛
  鉁?鍒犻櫎鍚庢柟妗堝垪琛ㄤ腑涓嶅啀瀛樺湪锛堝垹闄ゅ洖閫€楠岃瘉锛?
12. 瑙嗗浘鏂规鏉冮檺闄愬埗锛堜粬浜烘柟妗堝彧璇伙紝涓嶈兘瑕嗙洊鎴栧垹闄わ級
  鉁?鍓嶅彴鐢ㄦ埛鍒楄〃涓湅涓嶅埌绠＄悊鍛樺垱寤虹殑鏂规锛堟暟鎹殧绂伙級
  鉁?鍓嶅彴淇敼浠栦汉鏂规杩斿洖 403
  鉁?閿欒鎻愮ず鍖呭惈銆屽彧鑳戒慨鏀硅嚜宸便€?  鉁?鍓嶅彴鍒犻櫎浠栦汉鏂规杩斿洖 403
  鉁?閿欒鎻愮ず鍖呭惈銆屽彧鑳藉垹闄よ嚜宸便€?  鉁?绠＄悊鍛樺彲姝ｅ父鍒犻櫎鑷繁鐨勬柟妗?
13. 瑙嗗浘鏂规鍒囨崲鍚庯細鍒楄〃銆佺粺璁℃暟閲忋€佸鍑?CSV 瀹屽叏涓€鑷?  鉁?搴旂敤鏂规杩斿洖姝ｇ‘绛涢€夋潯浠?  鉁?搴旂敤鏂规杩斿洖姝ｇ‘鎺掑簭瀛楁
  鉁?鍒楄〃 API 杩斿洖缁熻鎬绘暟 total
  鉁?鏂规绛涢€変笅锛氬垪琛?API 缁熻鎬绘暟 1 = CSV 鏁版嵁琛屾暟 1

14. 鎺掑簭鍒嗛〉鍔熻兘锛氬缁村害鎺掑簭 + 鍒嗛〉 + 鎺掑簭鍙傛暟涓嬪鍑轰竴鑷?  鉁?鍚嶇О鍗囧簭锛氱 1 鏉″悕绉?<= 绗?2 鏉″悕绉?  鉁?鍚嶇О闄嶅簭锛氱 1 鏉″悕绉?>= 绗?2 鏉″悕绉?  鉁?鍒嗛〉 page_size=2锛氭瘡椤典笉瓒呰繃 2 鏉?  鉁?鍒嗛〉鍝嶅簲 page=1 姝ｇ‘
  鉁?鍒嗛〉鍝嶅簲 page_size=2 姝ｇ‘
  鉁?鍒嗛〉鍝嶅簲鍖呭惈 total 鎬绘暟
  鉁?鍒嗛〉鏁版嵁涓嶉噸鍙狅細绗?1 椤垫湯 ID < 绗?2 椤甸 ID
  鉁?鎺掑簭鍙傛暟涓嬪鍑轰竴鑷存€э細鍒楄〃 total 60 = CSV 琛屾暟 60

15. 瑙嗗浘鏂规 - 鍒涘缓/鏇存柊/鍒犻櫎/搴旂敤鎿嶄綔鏃ュ織璁板綍
  鉁?鎿嶄綔鏃ュ織鍖呭惈 create
  鉁?鎿嶄綔鏃ュ織鍖呭惈 apply
  鉁?鎿嶄綔鏃ュ織鍖呭惈 update
  鉁?鎿嶄綔鏃ュ織鍖呭惈 delete

16. 瑙嗗浘鏂规 - include_all 杩斿洖鎵€鏈夊彲濂楃敤鏂规锛宨s_owner 姝ｇ‘鏍囪瘑
  鉁?绠＄悊鍛樿兘鐪嬪埌鑷繁鍒涘缓鐨勬柟妗?  鉁?绠＄悊鍛樻煡鐪嬭嚜宸辩殑鏂规锛宨s_owner=true
  鉁?鍓嶅彴鑳界湅鍒扮鐞嗗憳鍒涘缓鐨勫彲濂楃敤鏂规
  鉁?鍓嶅彴鏌ョ湅绠＄悊鍛樼殑鏂规锛宨s_owner=false
  鉁?鍓嶅彴榛樿鍙湅鑷繁鐨勬柟妗堬紝鐪嬩笉鍒扮鐞嗗憳鐨?
17. 瑙嗗浘鏂规 - 鍒锋柊鎭㈠宸蹭慨澶嶏紙楠岃瘉闂寘闄烽槺锛?  鉁?閫氳繃 activeViewId 鑳芥壘鍒拌嚜宸辩殑鏂规锛堝埛鏂版仮澶嶏級
  鉁?鎭㈠鍚?filters.status 姝ｇ‘
  鉁?鎭㈠鍚?sort_by 姝ｇ‘
  鉁?鎭㈠鍚?page_size 姝ｇ‘
  鉁?鑳芥壘鍒伴粯璁ゆ柟妗堬紙閲嶅惎鎭㈠锛?  鉁?榛樿鏂规灏辨槸鍒氬垱寤虹殑閭ｄ釜

18. 瑙嗗浘鏂规 - 璺ㄧ敤鎴峰鐢細鍙鐢ㄤ絾涓嶅彲淇敼/鍒犻櫎
  鉁?鍓嶅彴鍙互鎴愬姛濂楃敤绠＄悊鍛樼殑鏂规
  鉁?鍓嶅彴淇敼绠＄悊鍛樻柟妗堣繑鍥?403
  鉁?鍓嶅彴淇敼绠＄悊鍛樻柟妗堣鎷︽埅
  鉁?鍓嶅彴鍒犻櫎绠＄悊鍛樻柟妗堣繑鍥?403
  鉁?鍓嶅彴鍒犻櫎绠＄悊鍛樻柟妗堣鎷︽埅
  鉁?鍓嶅彴濂楃敤鍚庡彲浠ュ彟瀛樹负鑷繁鐨勬柊鏂规
  鉁?鍓嶅彴鍙互鏇存柊鑷繁鐨勬柟妗?  鉁?鍓嶅彴濂楃敤绠＄悊鍛樻柟妗堢殑 apply 鎿嶄綔宸茶褰曞埌鏃ュ織

19. 瑙嗗浘鏂规 - 鍚屽悕鍐茬獊鎷︽埅銆佸垹闄ゅ洖閫€榛樿瑙嗗浘
  鉁?鍚屽悕鏂规杩斿洖 409 Conflict
  鉁?閿欒淇℃伅鍖呭惈鏂规鍚?  鉁?鍚屽悕鏂规鍒涘缓琚嫤鎴?  鉁?鍒犻櫎鍘熸柟妗堝悗鍙互閲嶆柊鍒涘缓鍚屽悕鏂规
  鉁?鍒犻櫎褰撳墠鏂规杩斿洖鎴愬姛锛岀敱鍓嶇鍥為€€鍒伴粯璁よ鍥?  鉁?鏂规宸叉垚鍔熷垹闄?
20. 瑙嗗浘鏂规 - 濂楃敤浠栦汉鏂规鍚庯紝瀵煎嚭涓庡垪琛ㄥ畬鍏ㄤ竴鑷?  鉁?鍓嶅彴涓嶈兘瀵煎嚭璁惧鏁版嵁锛岃繑鍥?403
  鉁?鍓嶅彴鏃犲鍑烘潈闄愶紝姝ｇ‘鎷︽埅
  鉁?鍒楄〃 total=1 = CSV 鏁版嵁琛屾暟=1

21. 瑙嗗浘鏂规 - 濂楃敤浠栦汉鏂规鍚庡埛鏂?閲嶅惎鎭㈠锛堟寔涔呭寲閾捐矾锛?  鉁?鍓嶅彴鑳介€氳繃 include_all 鎵惧埌绠＄悊鍛樼殑鏂规
  鉁?鍓嶅彴鏌ョ湅绠＄悊鍛樻柟妗堬紝is_owner=false
  鉁?鏂规鍚嶇О姝ｇ‘
  鉁?鏂规绛涢€夋潯浠?status 姝ｇ‘
  鉁?鏂规鎺掑簭瀛楁姝ｇ‘
  鉁?鏂规鎺掑簭鏂瑰悜姝ｇ‘
  鉁?鏂规鍒嗛〉澶у皬姝ｇ‘
  鉁?鍒锋柊鍚庨噸鏂版媺鍙栧垪琛紝鑳介€氳繃 viewId 鍖归厤鍒板彧璇绘柟妗?  鉁?鍒锋柊鍚庣瓫閫夋潯浠朵竴鑷?  鉁?閲嶅惎鍚庨噸鏂版媺鍙栧垪琛紝浠嶈兘閫氳繃 viewId 鍖归厤鍒板彧璇绘柟妗?  鉁?閲嶅惎鍚庢帓搴忓瓧娈典竴鑷?  鉁?閲嶅惎鍚庡垎椤靛ぇ灏忎竴鑷?  鉁?濂楃敤鏂规鍚庯紝绛涢€夋潯浠惰兘姝ｅ父杩斿洖鏁版嵁

22. 瑙嗗浘鏂规 - 涓诲姩淇敼绛涢€夊悗鍙鐘舵€佹竻闄わ紙涓嶉€€鍖栧埌榛樿鏂规锛?  鉁?鍓嶅彴鏈夎嚜宸辩殑榛樿鏂规
  鉁?榛樿鏂规绛涢€夋潯浠舵槸 available
  鉁?鑳芥壘鍒扮鐞嗗憳鐨勫彧璇绘柟妗?  鉁?鎭㈠浼樺厛绾э細鍙鏂规 > 鑷繁鐨勯粯璁ゆ柟妗?  鉁?鍙鏂规鍜岄粯璁ゆ柟妗堢殑绛涢€夋潯浠朵笉鍚?
23. 鍏变韩鏂规 - 鐗堟湰鍙烽€掑銆佹洿鏂板墠鑷姩鍒涘缓蹇収
  鉁?鏂板垱寤烘柟妗?version = 1
  鉁?绗竴娆℃洿鏂板悗 version = 2
  鉁?绗竴娆℃洿鏂板垱寤轰簡蹇収锛岃繑鍥?snapshot_created
  鉁?绗簩娆℃洿鏂板悗 version = 3
  鉁?鏇存柊涓ゆ锛屽簲瀛樺湪 2 鏉″揩鐓э紝瀹為檯 2 鏉?  鉁?瀛樺湪 version=1 鐨勫揩鐓?  鉁?version=1 蹇収鐨勭瓫閫夋槸 available

24. 鍥炴粴鍔熻兘 - 鍥炴粴鍚庢暟鎹竴鑷达紙鍒楄〃/缁熻/瀵煎嚭/鍒锋柊鎭㈠锛?  鉁?鎵惧埌 v1 蹇収
  鉁?鍥炴粴杩斿洖鎴愬姛
  鉁?杩斿洖 rollback_from_snapshot 姝ｇ‘
  鉁?鍥炴粴鍚庣増鏈彿 = 4锛堟瘡娆℃搷浣滈€掑锛?  鉁?鍥炴粴鍚?filters.status = available锛堝疄闄?available锛?  鉁?鍥炴粴鍚?sort_by = name锛堝疄闄?name锛?  鉁?鍥炴粴鍚?page_size = 20锛堝疄闄?20锛?  鉁?鍒锋柊鍚?filters.status 浠嶇劧鏄?available
  鉁?鍒锋柊鍚?version 浠嶇劧鏄?4
  鉁?鍥炴粴鍚庣瓫閫変竴鑷存€э細鍒楄〃 total=1 = CSV 琛屾暟=1

25. 鏉冮檺闄愬埗 - 鏅€氬墠鍙扮敤鎴蜂笉鑳藉洖婊?绠＄悊浠栦汉鏂规蹇収
  鉁?鍓嶅彴闈炴墍鏈夎€呯湅蹇収搴旇繑鍥?403锛堝疄闄?403锛?  鉁?鍓嶅彴鏌ョ湅浠栦汉鏂规蹇収琚嫤鎴?  鉁?鍓嶅彴涓轰粬浜烘柟妗堝垱寤哄揩鐓у簲杩斿洖 403锛堝疄闄?403锛?  鉁?鍓嶅彴鎵嬪姩鍒涘缓浠栦汉蹇収琚嫤鎴?  鉁?鍓嶅彴鍥炴粴浠栦汉鏂规搴旇繑鍥?403锛堝疄闄?403锛?  鉁?鍓嶅彴鍥炴粴浠栦汉鏂规琚嫤鎴?  鉁?鍓嶅彴鏇存柊浠栦汉鏂规 403
  鉁?鍓嶅彴鏇存柊浠栦汉鏂规琚嫤鎴?
26. 骞跺彂鍐茬獊妫€娴?- 鐗堟湰鍙蜂笉涓€鑷磋繑鍥炲啿绐佷俊鎭?  鉁?鍒濆鐗堟湰 v1
  鉁?B绔洿鏂板悗 v2
  鉁?鍐茬獊杩斿洖 HTTP 409锛堝疄闄?409锛?  鉁?鍝嶅簲浣撳寘鍚?conflict 瀛楁
  鉁?conflict.current_version = 2锛堝疄闄?2锛?  鉁?conflict.submitted_version = 1锛堝疄闄?1锛?  鉁?鍖呭惈 latest_operator 淇℃伅
  鉁?閿欒鎻愮ず鍖呭惈"宸茶浠栦汉淇敼"锛堝疄闄?鏂规銆屽啿绐佹娴?1781990375832銆嶅凡琚粬浜轰慨鏀癸紙褰撳墠鐗堟湰 2锛屼綘鎻愪氦鐨勬槸鐗堟湰 1锛夛紝璇峰埛鏂板悗閲嶈瘯锛?  鉁?妫€娴嬪埌骞跺彂鍐茬獊骞舵纭姤閿?  鉁?甯︽纭増鏈彿鎻愪氦 鈫?v3
  鉁?涓嶄紶鐗堟湰鍙风洿鎺ユ垚鍔?鈫?v4

27. 杩炵画涓ゆ鍥炴粴涓€鑷存€?+ 璺ㄩ噸鍚?+ 鍥炴粴鍚庡彧璇?鍙紪杈戠姸鎬?  鉁?v1 鍜?v2 蹇収瀛樺湪
  鉁?绗竴娆″洖婊氱増鏈彿 v4锛堝疄闄?4锛?  鉁?鍥炴粴鍒皏2鍚?status=borrowed锛堝疄闄?borrowed锛?  鉁?鍥炴粴鍒皏2鍚?sort_by=deposit_amount锛堝疄闄?deposit_amount锛?  鉁?鍥炴粴鍒皏2鍚?page_size=20锛堝疄闄?20锛?  鉁?绗竴娆″洖婊氬悗锛氬垪琛?total=19 = CSV 19
  鉁?绗簩娆″洖婊氱増鏈彿 v5锛堝疄闄?5锛?  鉁?鍥炴粴鍒皏1鍚?status=available锛堝疄闄?available锛?  鉁?鍥炴粴鍒皏1鍚?sort_by=name锛堝疄闄?name锛?  鉁?鍥炴粴鍒皏1鍚?page_size=10锛堝疄闄?10锛?  鉁?绗簩娆″洖婊氬悗锛氬垪琛?total=1 = CSV 1
  鉁?绗?娆″埛鏂?version=5锛堝疄闄?5锛?  鉁?绗?娆″埛鏂?status=available
  鉁?绠＄悊鍛樿鍥撅紝is_owner 姝ｇ‘涓?true锛屽彲缂栬緫
  鉁?绗?娆″埛鏂?version=5锛堝疄闄?5锛?  鉁?绗?娆″埛鏂?status=available
  鉁?绠＄悊鍛樿鍥撅紝is_owner 姝ｇ‘涓?true锛屽彲缂栬緫
  鉁?绗?娆″埛鏂?version=5锛堝疄闄?5锛?  鉁?绗?娆″埛鏂?status=available
  鉁?绠＄悊鍛樿鍥撅紝is_owner 姝ｇ‘涓?true锛屽彲缂栬緫
  鉁?鍓嶅彴鑳介€氳繃 include_all 鐪嬪埌
  鉁?鍓嶅彴鐪嬪埌鐨?is_owner=false 鈫?鍙鐘舵€?
28. 鎵嬪姩蹇収 + 鎿嶄綔鏃ュ織锛坰napshot/rollback/conflict 璁板綍锛?  鉁?鎵嬪姩鍒涘缓蹇収鎴愬姛
  鉁?鎵嬪姩蹇収澶囨敞淇濆瓨姝ｇ‘
  鉁?鏃ュ織鍖呭惈 create
  鉁?鏃ュ織鍖呭惈 snapshot锛堟墜鍔ㄦ垨鑷姩锛?  鉁?鏃ュ織鍖呭惈 rollback
  鉁?鏃ュ織鍖呭惈 conflict锛堥鏈熺増鏈彿閿欒锛?  鉁?鑷冲皯 2 鏉″揩鐓э紙鎵嬪姩1 + 鍥炴粴鍓嶈嚜鍔?锛夛紝瀹為檯=2

============================================================
鍥炲綊娴嬭瘯缁撴灉锛氶€氳繃 198 椤癸紝澶辫触 4 椤?============================================================
